
> offer-prep@0.1.0 build
> next build

⚠ Warning: Next.js inferred your workspace root, but it may not be correct.
 We detected multiple lockfiles and selected the directory of C:\Users\Emediong - FD\package-lock.json as the root directory.
 To silence this warning, set `turbopack.root` in your Next.js config, or consider removing one of the lockfiles if it's not needed.
   See https://nextjs.org/docs/app/api-reference/config/next-config-js/turbopack#root-directory for more information.
 Detected additional lockfiles: 
   * C:\Users\Emediong - FD\Desktop\Personal-project\offerprep\package-lock.json

▲ Next.js 16.1.1 (Turbopack)

  Creating an optimized production build ...
✓ Compiled successfully in 14.0s
  Running TypeScript ...
  Collecting page data using 7 workers ...
Error: Missing API key. Pass it to the constructor `new Resend("re_123")`
    at new <anonymous> (C:\Users\Emediong - FD\Desktop\Personal-project\offerprep\.next\server\chunks\[root-of-the-server]__743418ec._.js:2:159105)
    at module evaluation (C:\Users\Emediong - FD\Desktop\Personal-project\offerprep\.next\server\chunks\[root-of-the-server]__743418ec._.js:2:158646)
    at instantiateModule (C:\Users\Emediong - FD\Desktop\Personal-project\offerprep\.next\server\chunks\[turbopack]_runtime.js:740:9)
    at instantiateRuntimeModule (C:\Users\Emediong - FD\Desktop\Personal-project\offerprep\.next\server\chunks\[turbopack]_runtime.js:768:12)
    at getOrInstantiateRuntimeModule (C:\Users\Emediong - FD\Desktop\Personal-project\offerprep\.next\server\chunks\[turbopack]_runtime.js:781:12)
    at Object.m (C:\Users\Emediong - FD\Desktop\Personal-project\offerprep\.next\server\chunks\[turbopack]_runtime.js:790:18)
    at Object.<anonymous> (C:\Users\Emediong - FD\Desktop\Personal-project\offerprep\.next\server\app\api\send\route.js:6:3)

> Build error occurred
Error: Failed to collect page data for /api/send
    at ignore-listed frames {
  type: 'Error'
}
